// Jest Snapshot v1, https://goo.gl/fbAQLP

exports[`Filter Swatch Images Component should be created 1`] = `
<ul class="filter-list clearfix">
  <li class="filter-item filter-color">
    <a
      class="filter-swatch"
      ng-reflect-router-link=""
      title="Black (4)"
      data-testing-id="filter-link-Black"
      href="/"
      ><span style="background-color: black"></span
    ></a>
  </li>
  <li class="filter-item filter-color filter-selected">
    <a
      class="filter-swatch"
      ng-reflect-router-link=""
      title="Red (5)"
      data-testing-id="filter-link-Red"
      href="/"
      ><span style="background-color: red"></span
    ></a>
  </li>
</ul>
`;
