// Jest Snapshot v1, https://goo.gl/fbAQLP

exports[`Filter Swatch Images Component should be created 1`] = `
<ul class="filter-list clearfix" id="filter-list_Color">
  <li class="filter-item filter-color">
    <button
      type="button"
      class="filter-swatch btn btn-link custom-btn-link"
      title="Black (4)"
      data-testing-id="filter-link-Black"
    >
      <span style="background-color: black"></span>
    </button>
  </li>
  <li class="filter-item filter-color filter-selected">
    <button
      type="button"
      class="filter-swatch btn btn-link custom-btn-link"
      title="Red (5)"
      data-testing-id="filter-link-Red"
    >
      <span style="background-color: red"></span>
    </button>
  </li>
</ul>
`;
