// Jest Snapshot v1, https://goo.gl/fbAQLP

exports[`Sub Category Navigation Component should be created 1`] = `
<ul class="category-level1 dropdown-menu">
  <li class="main-navigation-level1-item">
    <a ng-reflect-router-link="/category/A.1" href="/category/A.1">CAT_A1</a
    ><a class="dropdown-toggle"><fa-icon ng-reflect-icon-prop="fas,plus"></fa-icon></a
    ><ish-sub-category-navigation ng-reflect-sub-categories-depth="2"
      ><ul class="category-level2">
        <li class="main-navigation-level2-item">
          <a ng-reflect-router-link="/category/A.1.a" href="/category/A.1.a">CAT_A1a</a
          ><a class="dropdown-toggle"><fa-icon ng-reflect-icon-prop="fas,plus"></fa-icon></a>
        </li></ul
    ></ish-sub-category-navigation>
  </li>
  <li class="main-navigation-level1-item">
    <a style="width: 100%;" ng-reflect-router-link="/category/A.2" href="/category/A.2">CAT_A2</a
    ><ish-sub-category-navigation ng-reflect-sub-categories-depth="2"></ish-sub-category-navigation>
  </li>
</ul>
`;
