// Jest Snapshot v1, https://goo.gl/fbAQLP

exports[`Filter Checkbox Component should be created 1`] = `
<div
  id="root0"
  ng-version="6.1.0"
>
  <div
    class="filter-group"
  >
    <h3
      aria-controls="collapseFilter"
      aria-expanded="true"
    >
       Brands 
      <span
        class="glyphicon pull-right glyphicon-chevron-down"
        ng-reflect-klass="glyphicon pull-right"
        ng-reflect-ng-class="[object Object]"
      />
    </h3>
    <ul
      class="filter-list"
    >
      
      
      
      
      
      
      <li
        class="filter-item filter-selected"
      >
        <span
          class="icon-selected"
        />
        Logitech 
        <a
          class="filter-clear"
        >
          <span
            class="glyphicon glyphicon-minus pull-right"
          />
        </a>
      </li>
      
    </ul>
    <ul
      aria-expanded="true"
      aria-hidden="false"
      class="filter-list collapse in show"
      id="collapseFilter"
      ng-reflect-collapse="false"
      style="overflow: visible; height: auto; display: block;"
    >
      
      
      
      <li
        class="filter-item"
      >
        <a
          class="filter-item-name"
          data-testing-id="filter-link-AsusName"
        >
          <span
            class="icon-notselected"
          />
          Asus 
        </a>
      </li>
      
      
      
      
    </ul>
  </div>
</div>
`;
