// Jest Snapshot v1, https://goo.gl/fbAQLP

exports[`Cms Carousel Component should be created 1`] = `
<div
  id="root0"
  ng-version="7.1.4"
>
  
  <div
    class="foo-class"
    ng-reflect-ng-class="foo-class"
  >
    <ish-slot-wrapper
      ng-reflect-pagelet="[object Object]"
      slot="app_sf_responsive_cm:slot.carousel.items.pagelet2-Slot"
    >
      outlet
    </ish-slot-wrapper>
  </div>
</div>
`;
