// Jest Snapshot v1, https://goo.gl/fbAQLP

exports[`Content Pagelet Entry Point Mapper should convert a complex example to complex type 1`] = `
Object {
  "pageletEntryPoint": Object {
    "clientId": "include-id",
    "configurationParameters": Object {},
    "definitionQualifiedName": "fq",
    "displayName": "name-include",
    "domain": "the-domain",
    "id": "include-id",
    "pageletIDs": Array [
      "pagelet1",
      "pagelet2",
    ],
    "resourceSetId": "resource-set-id",
  },
  "pagelets": Array [
    Object {
      "configurationParameters": Object {
        "key1": "hallo 1",
      },
      "definitionQualifiedName": "fq",
      "displayName": "name1",
      "domain": "domain",
      "id": "pagelet1",
      "slots": Array [
        Object {
          "configurationParameters": Object {},
          "definitionQualifiedName": "fq",
          "displayName": "slot1",
          "pageletIDs": Array [
            "pagelet11",
          ],
        },
      ],
    },
    Object {
      "configurationParameters": Object {
        "key11": "test",
      },
      "definitionQualifiedName": "fq",
      "displayName": "name11",
      "domain": "Domain",
      "id": "pagelet11",
      "slots": Array [],
    },
    Object {
      "configurationParameters": Object {},
      "definitionQualifiedName": "fq",
      "displayName": "name2",
      "domain": "domain",
      "id": "pagelet2",
      "slots": Array [],
    },
  ],
}
`;
