// Jest Snapshot v1, https://goo.gl/fbAQLP

exports[`Filter Swatch Images Component should be created 1`] = `
<div
  id="root0"
  ng-version="6.1.0"
>
  <div
    class="filter-group"
  >
    <h3
      aria-controls="collapseFilter"
      aria-expanded="true"
    >
       Color 
      <span
        class="glyphicon pull-right glyphicon-chevron-down"
        ng-reflect-klass="glyphicon pull-right"
        ng-reflect-ng-class="[object Object]"
      />
    </h3>
    <ul
      aria-expanded="true"
      aria-hidden="false"
      class="filter-list clearfix collapse in show"
      id="collapseFilter"
      ng-reflect-collapse="false"
      style="overflow: visible; height: auto; display: block;"
    >
      
      
      <li
        class="filter-item filter-colour"
        ng-reflect-klass="filter-item filter-colour"
        ng-reflect-ng-class="[object Object]"
      >
        <a
          class="filter-swatch"
          title="ColorBlack"
        >
          <span />
        </a>
      </li>
      
      <li
        class="filter-item filter-colour filter-selected"
        ng-reflect-klass="filter-item filter-colour"
        ng-reflect-ng-class="[object Object]"
      >
        <a
          class="filter-swatch"
          title="ColorRed"
        >
          <span />
        </a>
      </li>
    </ul>
  </div>
</div>
`;
