// Jest Snapshot v1, https://goo.gl/fbAQLP

exports[`Filter Checkbox Component should be created 1`] = `
<ul class="filter-list">
  <li class="filter-item filter-layer">
    <div>
      <label class="filter-item-checkbox-label-native"
        ><input type="checkbox" /><span class="filter-item-name"> Asus </span
        ><span class="count"> (4) </span></label
      >
    </div>
  </li>
  <li class="filter-item filter-layer filter-selected">
    <div>
      <label class="filter-item-checkbox-label-native"
        ><input type="checkbox" /><span class="filter-item-name"> Logitech </span
        ><span class="count"> (5) </span></label
      >
    </div>
  </li>
</ul>
`;
