// Jest Snapshot v1, https://goo.gl/fbAQLP

exports[`Product Links Carousel Component should be created 1`] = `
<div class="product-list-container">
  <h2></h2>
  <div class="product-list">
    <swiper
      ><div
        class="s-wrapper swiper swiper-container swiper-container-initialized swiper-container-horizontal"
        ng-reflect-disabled="false"
        ng-reflect-performance="false"
      >
        <div
          class="swiper-wrapper"
          style="webkit-transition-duration: 0ms; transition-duration: 0ms; webkit-transform: translate3d(NaNpx, 0px, 0px); transform: translate3d(NaNpx, 0px, 0px);"
        >
          <div class="swiper-slide">
            <ish-product-item ng-reflect-product-sku="sku"></ish-product-item>
          </div>
        </div>
        <div class="swiper-scrollbar" hidden=""></div>
        <div class="swiper-button-prev" hidden=""></div>
        <div class="swiper-button-next" hidden=""></div>
        <div class="swiper-pagination" hidden=""></div>
        <span class="swiper-notification" aria-live="assertive" aria-atomic="true"></span></div
    ></swiper>
  </div>
</div>
`;
