// Jest Snapshot v1, https://goo.gl/fbAQLP

exports[`Product Mapper fromStubData should construct a stub when supplied with a complex API response 1`] = `
Object {
  "attributeGroups": Object {
    "attrGroup": Object {
      "attributes": Array [
        Object {
          "name": "attrName",
          "type": "Boolean",
          "value": true,
        },
      ],
    },
  },
  "available": false,
  "completenessLevel": 2,
  "defaultCategoryId": undefined,
  "failed": false,
  "images": Array [
    Object {
      "effectiveUrl": "http://www.example.org/assets/product_img/a.jpg",
      "imageActualHeight": undefined,
      "imageActualWidth": undefined,
      "name": "front M",
      "primaryImage": true,
      "type": "Image",
      "typeID": "M",
      "viewID": "front",
    },
    Object {
      "effectiveUrl": "http://www.example.org/assets/product_img/a.jpg",
      "imageActualHeight": undefined,
      "imageActualWidth": undefined,
      "name": "front S",
      "primaryImage": true,
      "type": "Image",
      "typeID": "S",
      "viewID": "front",
    },
  ],
  "listPrice": Object {
    "currency": "USD",
    "type": "Money",
    "value": 132.24,
  },
  "longDescription": undefined,
  "manufacturer": "Kodak",
  "maxOrderQuantity": 100,
  "minOrderQuantity": 5,
  "name": "Kodak M series EasyShare M552",
  "packingUnit": "pcs.",
  "promotionIds": Array [],
  "readyForShipmentMax": undefined,
  "readyForShipmentMin": undefined,
  "roundedAverageRating": 0,
  "salePrice": Object {
    "currency": "USD",
    "type": "Money",
    "value": 132.24,
  },
  "shortDescription": "EasyShare M552, 14MP, 6.858 cm (2.7 \\") LCD, 4x, 28mm, HD 720p, Black",
  "sku": "7912057",
  "stepOrderQuantity": 1,
  "type": "Product",
}
`;
