// Jest Snapshot v1, https://goo.gl/fbAQLP

exports[`Filter Collapsable Component should hide content when header is clicked: closed 1`] = `
<div class="filter-group collapsed">
  <h3 aria-controls="collapseFilter" aria-expanded="false">
    <fa-icon class="float-right" ng-reflect-icon="fas,angle-right"></fa-icon>
  </h3>
</div>
`;

exports[`Filter Collapsable Component should hide content when header is clicked: open 1`] = `
<div class="filter-group">
  <h3 aria-controls="collapseFilter" aria-expanded="true">
    <fa-icon class="float-right" ng-reflect-icon="fas,angle-down"></fa-icon>
  </h3>
</div>
`;
